draining ios: 1 remaining
total result row count: 20
