ORDERKEY(key)(NOT NULL)|DISCOUNT|SHIPDATE
1|0.04|1996-03-13
1|0.09|1996-04-12
1|0.1|1996-01-29
1|0.09|1996-04-21
1|0.1|1996-03-30
1|0.07|1996-01-30
4|0.03|1996-01-10
5|0.02|1994-10-31
5|0.07|1994-10-16
5|0.08|1994-08-08
2|0|1997-01-28
3|0.06|1994-02-02
3|0.1|1993-11-09
3|0.06|1994-01-16
3|0.01|1993-12-04
3|0.04|1993-12-14
3|0.1|1993-10-29
6|0.08|1992-04-27
7|0.07|1996-05-07
7|0.08|1996-02-01
