ORDERKEY(key)(NOT NULL)|PARTKEY|SUPPKEY|LINENUMBER(key)(NOT NULL)|QUANTITY|EXTENDEDPRICE|DISCOUNT|TAX|RETURNFLAG|LINESTATUS|SHIPDATE|COMMITDATE|RECEIPTDATE|SHIPINSTRUCT|SHIPMODE|COMMENT
1|24027|1534|5|24|22824.5|0.1|0.04|N|O|1996-03-30|1996-03-14|1996-04-01|NONE|FOB| pending foxes. slyly re
1|15635|638|6|32|49620.2|0.07|0.02|N|O|1996-01-30|1996-02-07|1996-02-03|DELIVER IN PERSON|MAIL|arefully slyly ex
3|183095|650|5|28|32986.5|0.04|0|R|F|1993-12-14|1994-01-10|1994-01-01|TAKE BACK RETURN|FOB|ages nag slyly pending
3|62143|9662|6|26|28733.6|0.1|0.02|A|F|1993-10-29|1993-12-18|1993-11-04|TAKE BACK RETURN|RAIL|ges sleep after the caref
