'{\'table-name\': \'thisTable\', \'projection\': \'everything\', \'selection\': "like, everything, \'nothing\'"}'